31.184.238.174 - - [07/Feb/2016:16:10:30 -0800] "GET /logs/access.log HTTP/1.1" 200 453026 "http://www.purevolume.com/orderglucovance5mgwithoutrx" "Mozilla/5.0 (Windows NT 5.1; rv:27.0) Gecko/20100101 Firefox/27.0" "www.shpchurch.org"
100.43.90.11 - - [07/Feb/2016:16:24:20 -0800] "GET /preschool_files/preschool_registration.pdf HTTP/1.1" 200 37812 "-" "Mozilla/5.0 (compatible; YandexBot/3.0; +http://yandex.com/bots)" "www.shpchurch.org"
31.184.238.174 - - [07/Feb/2016:16:31:18 -0800] "GET /logs/access.log HTTP/1.1" 200 441 "http://www.theknot.com/wedding/zyrtec-and-worldwide" "Mozilla/5.0 (Windows NT 6.1; WOW64) AppleWebKit/537.36 (KHTML, like Gecko) Chrome/30.0.1599.13014 YaBrowser/13.12.1599.13014 Safari/537.36" "www.shpchurch.org"
98.138.81.178 - - [07/Feb/2016:16:36:47 -0800] "POST /blog1/wp-cron.php?doing_wp_cron=1454891807.3737099170684814453125 HTTP/1.1" 200 416 "-" "WordPress/4.4.2; http://shpchurch.org/blog1" "shpchurch.org"
207.46.13.68 - - [07/Feb/2016:16:36:44 -0800] "GET /blog1/?page_id=532 HTTP/1.1" 200 31811 "-" "Mozilla/5.0 (compatible; bingbot/2.0; +http://www.bing.com/bingbot.htm)" "www.shpchurch.org"
207.46.13.68 - - [07/Feb/2016:16:38:01 -0800] "GET /discovery_time.html HTTP/1.1" 200 4983 "-" "Mozilla/5.0 (compatible; bingbot/2.0; +http://www.bing.com/bingbot.htm)" "www.shpchurch.org"
207.46.13.68 - - [07/Feb/2016:16:38:19 -0800] "GET /blog1/index.php/multimedia-category/theology/page/3/ HTTP/1.1" 200 41644 "-" "Mozilla/5.0 (compatible; bingbot/2.0; +http://www.bing.com/bingbot.htm)" "www.shpchurch.org"
207.46.13.68 - - [07/Feb/2016:16:38:26 -0800] "GET /blog1/index.php/photo-gallery/ HTTP/1.1" 200 31811 "-" "Mozilla/5.0 (compatible; bingbot/2.0; +http://www.bing.com/bingbot.htm)" "www.shpchurch.org"
98.138.81.180 - - [07/Feb/2016:16:38:51 -0800] "POST /blog1/wp-cron.php?doing_wp_cron=1454891931.5556819438934326171875 HTTP/1.1" 200 416 "-" "WordPress/4.4.2; http://shpchurch.org/blog1" "shpchurch.org"
207.46.13.68 - - [07/Feb/2016:16:38:50 -0800] "GET /blog1/index.php/multimedia-archive/2014/ HTTP/1.1" 200 40632 "-" "Mozilla/5.0 (compatible; bingbot/2.0; +http://www.bing.com/bingbot.htm)" "www.shpchurch.org"
207.46.13.68 - - [07/Feb/2016:16:39:49 -0800] "GET /blog1/index.php/multimedia-archive/2013/page/3/ HTTP/1.1" 200 41161 "-" "Mozilla/5.0 (compatible; bingbot/2.0; +http://www.bing.com/bingbot.htm)" "www.shpchurch.org"
207.46.13.68 - - [07/Feb/2016:16:40:04 -0800] "GET /blog1/index.php/gallery-items/1715/ HTTP/1.1" 200 20119 "-" "Mozilla/5.0 (compatible; bingbot/2.0; +http://www.bing.com/bingbot.htm)" "www.shpchurch.org"
98.138.81.180 - - [07/Feb/2016:16:41:00 -0800] "POST /blog1/wp-cron.php?doing_wp_cron=1454892060.8286399841308593750000 HTTP/1.1" 200 416 "-" "WordPress/4.4.2; http://shpchurch.org/blog1" "shpchurch.org"
207.46.13.68 - - [07/Feb/2016:16:41:00 -0800] "GET /blog1/index.php/event-items/session-meeting/ HTTP/1.1" 200 28193 "-" "Mozilla/5.0 (compatible; bingbot/2.0; +http://www.bing.com/bingbot.htm)" "www.shpchurch.org"
207.46.13.68 - - [07/Feb/2016:16:41:06 -0800] "GET /blog1/index.php/event-items/session-meeting-5/ HTTP/1.1" 200 25789 "-" "Mozilla/5.0 (compatible; bingbot/2.0; +http://www.bing.com/bingbot.htm)" "www.shpchurch.org"
207.46.13.68 - - [07/Feb/2016:16:41:37 -0800] "GET /blog1/index.php/event-items/session-meeting-2/ HTTP/1.1" 200 28233 "-" "Mozilla/5.0 (compatible; bingbot/2.0; +http://www.bing.com/bingbot.htm)" "www.shpchurch.org"
207.46.13.68 - - [07/Feb/2016:16:40:45 -0800] "GET /blog1/index.php/fall-festival/ HTTP/1.1" 500 100 "-" "Mozilla/5.0 (compatible; bingbot/2.0; +http://www.bing.com/bingbot.htm)" "www.shpchurch.org"
207.46.13.68 - - [07/Feb/2016:16:43:17 -0800] "GET /blog1/index.php/event-items/book-club/ HTTP/1.1" 200 28728 "-" "Mozilla/5.0 (compatible; bingbot/2.0; +http://www.bing.com/bingbot.htm)" "www.shpchurch.org"
46.246.81.138 - - [07/Feb/2016:16:43:55 -0800] "GET /blog1/index.php/multimedia-archive/the-purpose-of-prayer/ HTTP/1.1" 200 34156 "http://shpchurch.org/blog1/multimedia-archive/the-purpose-of-prayer/" "Mozilla/5.0 (Windows NT 6.1; WOW64; rv:41.0) Gecko/20100101 Firefox/41.0" "shpchurch.org"
46.246.81.138 - - [07/Feb/2016:16:43:58 -0800] "POST /blog1/wp-comments-post.php HTTP/1.1" 302 416 "http://shpchurch.org/blog1/multimedia-archive/the-purpose-of-prayer/" "Mozilla/5.0 (Windows NT 6.1; WOW64; rv:41.0) Gecko/20100101 Firefox/41.0" "shpchurch.org"
46.246.81.138 - - [07/Feb/2016:16:43:59 -0800] "GET /blog1/index.php/multimedia-archive/the-purpose-of-prayer/ HTTP/1.1" 200 34208 "http://shpchurch.org/blog1/multimedia-archive/the-purpose-of-prayer/#comment-7017" "Mozilla/5.0 (Windows NT 6.1; WOW64; rv:41.0) Gecko/20100101 Firefox/41.0" "shpchurch.org"
31.184.238.174 - - [07/Feb/2016:16:45:07 -0800] "GET /logs/access.log HTTP/1.1" 200 4710 "http://oxcarbazepine-600mg-buy-online.snack.ws" "Mozilla/5.0 (Windows NT 6.1) AppleWebKit/537.36 (KHTML, like Gecko) Chrome/32.0.1700.76 Safari/537.36" "www.shpchurch.org"
31.184.238.174 - - [07/Feb/2016:16:52:01 -0800] "GET /logs/access.log HTTP/1.1" 200 4972 "http://buyinderalonline247.forumcircle.com" "Opera/9.80 (Windows NT 6.1; Win64; x64) Presto/2.12.388 Version/12.16" "www.shpchurch.org"
31.184.238.174 - - [07/Feb/2016:16:58:54 -0800] "GET /logs/access.log HTTP/1.1" 200 5198 "http://triamcinolonevu.forumcircle.com" "Mozilla/5.0 (Windows NT 6.1) AppleWebKit/537.36 (KHTML, like Gecko) Chrome/32.0.1700.102 Safari/537.36" "www.shpchurch.org"
75.190.53.54 - - [07/Feb/2016:17:02:04 -0800] "GET /blog1/wp-content/uploads/2011/10/dental-health.jpg HTTP/1.1" 200 1558962 "-" "Mozilla/5.0 (Windows NT 6.3; WOW64; Trident/7.0; rv:11.0) like Gecko/20100101 Firefox/12.0" "shpchurch.org"
31.184.238.174 - - [07/Feb/2016:17:05:50 -0800] "GET /logs/access.log HTTP/1.1" 200 5691 "http://1cbclotrimazole15mg.greatwebsitebuilder.com" "Mozilla/5.0 (Windows NT 6.3; WOW64) AppleWebKit/537.36 (KHTML, like Gecko) Chrome/33.0.1750.117 Safari/537.36" "www.shpchurch.org"
207.46.13.152 - - [07/Feb/2016:17:10:50 -0800] "GET /robots.txt HTTP/1.1" 200 40 "-" "Mozilla/5.0 (compatible; bingbot/2.0; +http://www.bing.com/bingbot.htm)" "shpchurch.org"
31.184.238.174 - - [07/Feb/2016:17:12:47 -0800] "GET /logs/access.log HTTP/1.1" 200 6140 "http://www.purevolume.com/hytrin5mgorderwithoutrx" "Mozilla/5.0 (Windows NT 6.3; WOW64) AppleWebKit/537.36 (KHTML, like Gecko) Chrome/32.0.1700.102 Safari/537.36" "www.shpchurch.org"
212.232.24.2 - - [07/Feb/2016:17:14:19 -0800] "GET /robots.txt HTTP/1.1" 200 56 "-" "betaBot" "shpchurch.org"
212.232.24.2 - - [07/Feb/2016:17:14:25 -0800] "GET /blog1/index.php/multimedia-archive/our-next-ten-years-lives-worth-living-2/ HTTP/1.1" 200 32320 "-" "betaBot" "shpchurch.org"
98.138.81.178 - - [07/Feb/2016:17:14:29 -0800] "POST /blog1/wp-cron.php?doing_wp_cron=1454894062.0081229209899902343750 HTTP/1.1" 500 85 "-" "WordPress/4.4.2; http://shpchurch.org/blog1" "shpchurch.org"
212.232.24.2 - - [07/Feb/2016:17:14:35 -0800] "GET /blog1/index.php/multimedia-archive/the-jesse-tree-john/ HTTP/1.1" 500 100 "-" "betaBot" "shpchurch.org"
212.232.24.2 - - [07/Feb/2016:17:16:18 -0800] "GET /blog1/index.php/multimedia-archive/the-jesse-tree-john/ HTTP/1.1" 500 100 "-" "betaBot" "shpchurch.org"
31.184.238.174 - - [07/Feb/2016:17:19:42 -0800] "GET /logs/access.log HTTP/1.1" 200 7216 "http://www.theknot.com/wedding/nabumetone-and-guaranteed" "Mozilla/5.0 (Windows NT 6.1) AppleWebKit/537.36 (KHTML, like Gecko) Chrome/32.0.1700.102 Safari/537.36" "www.shpchurch.org"
212.232.24.2 - - [07/Feb/2016:17:17:49 -0800] "GET /blog1/index.php/multimedia-archive/the-jesse-tree-john/ HTTP/1.1" 500 100 "-" "betaBot" "shpchurch.org"
31.184.238.174 - - [07/Feb/2016:17:26:37 -0800] "GET /logs/access.log HTTP/1.1" 200 7645 "http://www.purevolume.com/tegretol100mgordersafely" "Mozilla/5.0 (Windows NT 6.2; WOW64) AppleWebKit/537.36 (KHTML, like Gecko) Chrome/32.0.1700.107 Safari/537.36" "www.shpchurch.org"
123.125.71.108 - - [07/Feb/2016:17:32:23 -0800] "GET /blog1/wp-content/uploads/2013/01/Registration-Packet.pdf HTTP/1.1" 200 3293235 "-" "Mozilla/5.0 (Windows NT 5.1; rv:6.0.2) Gecko/20100101 Firefox/6.0.2" "shpchurch.org"
31.184.238.174 - - [07/Feb/2016:17:33:36 -0800] "GET /logs/access.log HTTP/1.1" 200 8142 "http://buyfinasteridefr.tumblr.com" "Mozilla/5.0 (Windows NT 6.1) AppleWebKit/537.36 (KHTML, like Gecko) Chrome/30.0.1599.13014 YaBrowser/13.12.1599.13014 Safari/537.36" "www.shpchurch.org"
85.25.201.224 - - [07/Feb/2016:17:34:35 -0800] "GET /?author=0 HTTP/1.1" 200 26841 "-" "-" "www.shpchurch.org"
85.25.201.224 - - [07/Feb/2016:17:34:38 -0800] "GET /?author=2 HTTP/1.1" 404 16441 "-" "-" "www.shpchurch.org"
85.25.201.224 - - [07/Feb/2016:17:34:41 -0800] "GET /?author=3 HTTP/1.1" 404 16441 "-" "-" "www.shpchurch.org"
85.25.201.224 - - [07/Feb/2016:17:34:42 -0800] "GET /?author=4 HTTP/1.1" 404 16441 "-" "-" "www.shpchurch.org"
85.25.201.224 - - [07/Feb/2016:17:35:04 -0800] "GET /?author=1 HTTP/1.1" 500 85 "-" "-" "www.shpchurch.org"
98.138.81.178 - - [07/Feb/2016:17:35:20 -0800] "POST /blog1/wp-cron.php?doing_wp_cron=1454895280.6547579765319824218750 HTTP/1.1" 500 85 "-" "WordPress/4.4.2; http://shpchurch.org/blog1" "shpchurch.org"
85.25.201.224 - - [07/Feb/2016:17:36:24 -0800] "GET /?author=1 HTTP/1.1" 500 85 "-" "-" "www.shpchurch.org"
157.55.39.22 - - [07/Feb/2016:17:38:24 -0800] "GET / HTTP/1.1" 200 26841 "-" "Mozilla/5.0 (compatible; bingbot/2.0; +http://www.bing.com/bingbot.htm)" "www.shpchurch.org"
157.55.39.22 - - [07/Feb/2016:17:38:25 -0800] "GET /blog1/index.php/about-us/newsletters/ HTTP/1.1" 200 18747 "-" "Mozilla/5.0 (compatible; bingbot/2.0; +http://www.bing.com/bingbot.htm)" "www.shpchurch.org"
98.138.81.178 - - [07/Feb/2016:17:38:27 -0800] "POST /blog1/wp-cron.php?doing_wp_cron=1454895507.3362879753112792968750 HTTP/1.1" 200 416 "-" "WordPress/4.4.2; http://shpchurch.org/blog1" "shpchurch.org"
85.25.201.224 - - [07/Feb/2016:17:38:39 -0800] "GET /?author=1 HTTP/1.1" 500 85 "-" "-" "www.shpchurch.org"
157.55.39.146 - - [07/Feb/2016:17:39:49 -0800] "GET /blog1/index.php/multimedia-speaker/bob-melone HTTP/1.1" 200 42301 "-" "Mozilla/5.0 (compatible; bingbot/2.0; +http://www.bing.com/bingbot.htm)" "www.shpchurch.org"
157.55.39.146 - - [07/Feb/2016:17:39:50 -0800] "GET /blog1/index.php/about-us/core-values/ HTTP/1.1" 200 23103 "-" "Mozilla/5.0 (compatible; bingbot/2.0; +http://www.bing.com/bingbot.htm)" "www.shpchurch.org"
157.55.39.146 - - [07/Feb/2016:17:39:52 -0800] "GET /blog1/?page_id=179 HTTP/1.1" 200 19878 "-" "Mozilla/5.0 (compatible; bingbot/2.0; +http://www.bing.com/bingbot.htm)" "www.shpchurch.org"
157.55.39.146 - - [07/Feb/2016:17:39:54 -0800] "GET /blog1/?page_id=169 HTTP/1.1" 200 19717 "-" "Mozilla/5.0 (compatible; bingbot/2.0; +http://www.bing.com/bingbot.htm)" "www.shpchurch.org"
157.55.39.146 - - [07/Feb/2016:17:39:55 -0800] "GET /blog1/?page_id=118 HTTP/1.1" 200 18747 "-" "Mozilla/5.0 (compatible; bingbot/2.0; +http://www.bing.com/bingbot.htm)" "www.shpchurch.org"
157.55.39.146 - - [07/Feb/2016:17:40:36 -0800] "GET /small_groups.html HTTP/1.1" 200 6232 "-" "Mozilla/5.0 (compatible; bingbot/2.0; +http://www.bing.com/bingbot.htm)" "www.shpchurch.org"
157.55.39.146 - - [07/Feb/2016:17:40:36 -0800] "GET /leadership.html HTTP/1.1" 200 5766 "-" "Mozilla/5.0 (compatible; bingbot/2.0; +http://www.bing.com/bingbot.htm)" "www.shpchurch.org"
98.138.81.178 - - [07/Feb/2016:17:40:37 -0800] "POST /blog1/wp-cron.php?doing_wp_cron=1454895637.4307839870452880859375 HTTP/1.1" 200 416 "-" "WordPress/4.4.2; http://shpchurch.org/blog1" "shpchurch.org"
157.55.39.146 - - [07/Feb/2016:17:40:36 -0800] "GET /blog1/index.php/sermon-archive/ HTTP/1.1" 200 42233 "-" "Mozilla/5.0 (compatible; bingbot/2.0; +http://www.bing.com/bingbot.htm)" "www.shpchurch.org"
157.55.39.146 - - [07/Feb/2016:17:40:39 -0800] "GET /blog1/index.php/multimedia-archive/2012/page/2/ HTTP/1.1" 200 45891 "-" "Mozilla/5.0 (compatible; bingbot/2.0; +http://www.bing.com/bingbot.htm)" "www.shpchurch.org"
157.55.39.146 - - [07/Feb/2016:17:40:41 -0800] "GET /blog1/index.php/gallery-items/1753/ HTTP/1.1" 200 20119 "-" "Mozilla/5.0 (compatible; bingbot/2.0; +http://www.bing.com/bingbot.htm)" "www.shpchurch.org"
157.55.39.146 - - [07/Feb/2016:17:42:57 -0800] "GET /blog1/index.php/events/ HTTP/1.1" 500 100 "-" "Mozilla/5.0 (compatible; bingbot/2.0; +http://www.bing.com/bingbot.htm)" "www.shpchurch.org"
31.184.238.174 - - [07/Feb/2016:17:47:39 -0800] "GET /logs/access.log HTTP/1.1" 200 12372 "http://orderdesogestrelonline.page.tl" "Mozilla/5.0 (Windows NT 6.3; WOW64) AppleWebKit/537.36 (KHTML, like Gecko) Chrome/33.0.1750.117 Safari/537.36" "www.shpchurch.org"
194.12.225.39 - - [07/Feb/2016:17:51:42 -0800] "GET /wp-admin/admin-ajax.php?action=revslider_show_image&img=../wp-config.php HTTP/1.1" 404 88 "-" "Mozilla/4.0 (compatible; MSIE 6.0; Windows NT 5.1; SV1)" "shpchurch.org"
31.184.238.174 - - [07/Feb/2016:17:54:33 -0800] "GET /logs/access.log HTTP/1.1" 200 12855 "http://gravatar.com/fracnuehandnimpurpcu" "Mozilla/5.0 (Windows NT 6.2; WOW64) AppleWebKit/537.36 (KHTML, like Gecko) Chrome/32.0.1700.76 Safari/537.36" "www.shpchurch.org"
98.138.81.178 - - [07/Feb/2016:17:52:30 -0800] "POST /blog1/wp-cron.php?doing_wp_cron=1454896350.9263811111450195312500 HTTP/1.1" 500 85 "-" "WordPress/4.4.2; http://shpchurch.org/blog1" "shpchurch.org"
31.184.238.174 - - [07/Feb/2016:18:01:31 -0800] "GET /logs/access.log HTTP/1.1" 200 13322 "http://gravatar.com/jiodisisdescrenit" "Mozilla/5.0 (Windows NT 6.3; WOW64) AppleWebKit/537.36 (KHTML, like Gecko) Chrome/32.0.1700.76 Safari/537.36" "www.shpchurch.org"
98.138.81.180 - - [07/Feb/2016:18:02:40 -0800] "POST /blog1/wp-cron.php?doing_wp_cron=1454896960.6307170391082763671875 HTTP/1.1" 200 416 "-" "WordPress/4.4.2; http://shpchurch.org/blog1" "shpchurch.org"
157.55.39.22 - - [07/Feb/2016:18:02:38 -0800] "GET /blog1/?page_id=194 HTTP/1.1" 200 19932 "-" "Mozilla/5.0 (compatible; bingbot/2.0; +http://www.bing.com/bingbot.htm)" "www.shpchurch.org"
157.55.39.22 - - [07/Feb/2016:18:02:42 -0800] "GET /blog1/?page_id=174 HTTP/1.1" 200 19858 "-" "Mozilla/5.0 (compatible; bingbot/2.0; +http://www.bing.com/bingbot.htm)" "www.shpchurch.org"
157.55.39.22 - - [07/Feb/2016:18:02:43 -0800] "GET /blog1/ HTTP/1.1" 200 26718 "-" "Mozilla/5.0 (compatible; bingbot/2.0; +http://www.bing.com/bingbot.htm)" "www.shpchurch.org"
157.55.39.22 - - [07/Feb/2016:18:02:44 -0800] "GET /newsletter.html HTTP/1.1" 200 3767 "-" "Mozilla/5.0 (compatible; bingbot/2.0; +http://www.bing.com/bingbot.htm)" "www.shpchurch.org"
157.55.39.22 - - [07/Feb/2016:18:02:45 -0800] "GET /directions.html HTTP/1.1" 200 4354 "-" "Mozilla/5.0 (compatible; bingbot/2.0; +http://www.bing.com/bingbot.htm)" "www.shpchurch.org"
157.55.39.22 - - [07/Feb/2016:18:02:45 -0800] "GET / HTTP/1.1" 200 26841 "-" "Mozilla/5.0 (compatible; bingbot/2.0; +http://www.bing.com/bingbot.htm)" "www.shpchurch.org"
157.55.39.22 - - [07/Feb/2016:18:03:18 -0800] "GET /blog1/index.php/worship/sermons HTTP/1.1" 200 21599 "-" "Mozilla/5.0 (compatible; bingbot/2.0; +http://www.bing.com/bingbot.htm)" "www.shpchurch.org"
157.55.39.22 - - [07/Feb/2016:18:03:19 -0800] "GET /blog1/index.php/worship/sermons/ HTTP/1.1" 200 21599 "-" "Mozilla/5.0 (compatible; bingbot/2.0; +http://www.bing.com/bingbot.htm)" "www.shpchurch.org"
157.55.39.22 - - [07/Feb/2016:18:02:45 -0800] "GET /blog1/index.php/worship HTTP/1.1" 500 100 "-" "Mozilla/5.0 (compatible; bingbot/2.0; +http://www.bing.com/bingbot.htm)" "www.shpchurch.org"
157.55.39.22 - - [07/Feb/2016:18:06:06 -0800] "GET /blog1/index.php/worship HTTP/1.1" 500 100 "-" "Mozilla/5.0 (compatible; bingbot/2.0; +http://www.bing.com/bingbot.htm)" "www.shpchurch.org"
157.55.39.22 - - [07/Feb/2016:18:05:56 -0800] "GET /blog1/index.php/multimedia-archive/change/ HTTP/1.1" 500 100 "-" "Mozilla/5.0 (compatible; bingbot/2.0; +http://www.bing.com/bingbot.htm)" "www.shpchurch.org"
157.55.39.22 - - [07/Feb/2016:18:05:45 -0800] "GET /blog1/index.php/worship HTTP/1.1" 500 100 "-" "Mozilla/5.0 (compatible; bingbot/2.0; +http://www.bing.com/bingbot.htm)" "www.shpchurch.org"
40.77.167.59 - - [07/Feb/2016:18:06:27 -0800] "GET /blog1/?page_id=186 HTTP/1.1" 500 100 "-" "Mozilla/5.0 (compatible; bingbot/2.0; +http://www.bing.com/bingbot.htm)" "www.shpchurch.org"
157.55.39.22 - - [07/Feb/2016:18:04:28 -0800] "GET /blog1/index.php/multimedia-archive/change/ HTTP/1.1" 500 100 "-" "Mozilla/5.0 (compatible; bingbot/2.0; +http://www.bing.com/bingbot.htm)" "www.shpchurch.org"
157.55.39.22 - - [07/Feb/2016:18:06:41 -0800] "GET /blog1/index.php/multimedia-archive/change/ HTTP/1.1" 500 100 "-" "Mozilla/5.0 (compatible; bingbot/2.0; +http://www.bing.com/bingbot.htm)" "www.shpchurch.org"
40.77.167.59 - - [07/Feb/2016:18:07:00 -0800] "GET /blog1/?page_id=166 HTTP/1.1" 200 18590 "-" "Mozilla/5.0 (compatible; bingbot/2.0; +http://www.bing.com/bingbot.htm)" "www.shpchurch.org"
40.77.167.59 - - [07/Feb/2016:18:07:30 -0800] "GET /preschool.html HTTP/1.1" 200 5182 "-" "Mozilla/5.0 (compatible; bingbot/2.0; +http://www.bing.com/bingbot.htm)" "www.shpchurch.org"
40.77.167.59 - - [07/Feb/2016:18:07:30 -0800] "GET /ministry_teams.html HTTP/1.1" 200 7456 "-" "Mozilla/5.0 (compatible; bingbot/2.0; +http://www.bing.com/bingbot.htm)" "www.shpchurch.org"
40.77.167.59 - - [07/Feb/2016:18:07:41 -0800] "GET /calendar.html HTTP/1.1" 200 4408 "-" "Mozilla/5.0 (compatible; bingbot/2.0; +http://www.bing.com/bingbot.htm)" "www.shpchurch.org"
40.77.167.59 - - [07/Feb/2016:18:07:41 -0800] "GET /about_us.html HTTP/1.1" 200 7299 "-" "Mozilla/5.0 (compatible; bingbot/2.0; +http://www.bing.com/bingbot.htm)" "www.shpchurch.org"
40.77.167.59 - - [07/Feb/2016:18:07:41 -0800] "GET /blog1/index.php/preschool/ HTTP/1.1" 200 41169 "-" "Mozilla/5.0 (compatible; bingbot/2.0; +http://www.bing.com/bingbot.htm)" "www.shpchurch.org"
40.77.167.59 - - [07/Feb/2016:18:07:43 -0800] "GET /blog1/index.php/small-groups HTTP/1.1" 200 19481 "-" "Mozilla/5.0 (compatible; bingbot/2.0; +http://www.bing.com/bingbot.htm)" "www.shpchurch.org"
98.138.81.178 - - [07/Feb/2016:18:08:21 -0800] "POST /blog1/wp-cron.php?doing_wp_cron=1454897301.0327448844909667968750 HTTP/1.1" 200 416 "-" "WordPress/4.4.2; http://shpchurch.org/blog1" "shpchurch.org"
157.55.39.22 - - [07/Feb/2016:18:08:20 -0800] "GET /blog1/index.php/multimedia-archive/be-reconciled/ HTTP/1.1" 200 29541 "-" "Mozilla/5.0 (compatible; bingbot/2.0; +http://www.bing.com/bingbot.htm)" "www.shpchurch.org"
157.55.39.22 - - [07/Feb/2016:18:08:22 -0800] "GET /blog1/index.php/multimedia-archive/2014/02/ HTTP/1.1" 200 31202 "-" "Mozilla/5.0 (compatible; bingbot/2.0; +http://www.bing.com/bingbot.htm)" "www.shpchurch.org"
157.55.39.22 - - [07/Feb/2016:18:08:23 -0800] "GET /blog1/index.php/ministry-teams/fellowship-ministry-team/ HTTP/1.1" 200 19858 "-" "Mozilla/5.0 (compatible; bingbot/2.0; +http://www.bing.com/bingbot.htm)" "www.shpchurch.org"
157.55.39.22 - - [07/Feb/2016:18:08:24 -0800] "GET /blog1/index.php/ministry-teams/ HTTP/1.1" 200 18590 "-" "Mozilla/5.0 (compatible; bingbot/2.0; +http://www.bing.com/bingbot.htm)" "www.shpchurch.org"
31.184.238.174 - - [07/Feb/2016:18:08:30 -0800] "GET /logs/access.log HTTP/1.1" 200 19075 "http://meclizine-buy-cheap.snack.ws" "Mozilla/5.0 (Windows NT 6.1; WOW64) AppleWebKit/537.36 (KHTML, like Gecko) Chrome/31.0.1650.63 Safari/537.36 OPR/18.0.1284.68" "www.shpchurch.org"
98.138.81.180 - - [07/Feb/2016:18:07:02 -0800] "POST /blog1/wp-cron.php?doing_wp_cron=1454897222.2890369892120361328125 HTTP/1.1" 500 85 "-" "WordPress/4.4.2; http://shpchurch.org/blog1" "shpchurch.org"
40.77.167.59 - - [07/Feb/2016:18:07:10 -0800] "GET /blog1/?page_id=110 HTTP/1.1" 500 100 "-" "Mozilla/5.0 (compatible; bingbot/2.0; +http://www.bing.com/bingbot.htm)" "www.shpchurch.org"
157.55.39.22 - - [07/Feb/2016:18:08:54 -0800] "GET /blog1/index.php/gallery-items/worship/ HTTP/1.1" 200 34435 "-" "Mozilla/5.0 (compatible; bingbot/2.0; +http://www.bing.com/bingbot.htm)" "www.shpchurch.org"
157.55.39.22 - - [07/Feb/2016:18:08:55 -0800] "GET /blog1/index.php/gallery-items/1759/ HTTP/1.1" 200 20156 "-" "Mozilla/5.0 (compatible; bingbot/2.0; +http://www.bing.com/bingbot.htm)" "www.shpchurch.org"
157.55.39.22 - - [07/Feb/2016:18:08:56 -0800] "GET /blog1/index.php/gallery-items/1755/ HTTP/1.1" 200 20119 "-" "Mozilla/5.0 (compatible; bingbot/2.0; +http://www.bing.com/bingbot.htm)" "www.shpchurch.org"
40.77.167.59 - - [07/Feb/2016:18:08:44 -0800] "GET /blog1/?page_id=110 HTTP/1.1" 500 100 "-" "Mozilla/5.0 (compatible; bingbot/2.0; +http://www.bing.com/bingbot.htm)" "www.shpchurch.org"
157.55.39.22 - - [07/Feb/2016:18:10:00 -0800] "GET /blog1/index.php/gallery-items/1745/ HTTP/1.1" 200 20119 "-" "Mozilla/5.0 (compatible; bingbot/2.0; +http://www.bing.com/bingbot.htm)" "www.shpchurch.org"
157.55.39.22 - - [07/Feb/2016:18:10:01 -0800] "GET /blog1/index.php/band-cd-project/ HTTP/1.1" 200 19010 "-" "Mozilla/5.0 (compatible; bingbot/2.0; +http://www.bing.com/bingbot.htm)" "www.shpchurch.org"
157.55.39.22 - - [07/Feb/2016:18:10:02 -0800] "GET /blog1/index.php/gallery-items/1738/ HTTP/1.1" 200 20119 "-" "Mozilla/5.0 (compatible; bingbot/2.0; +http://www.bing.com/bingbot.htm)" "www.shpchurch.org"
157.55.39.22 - - [07/Feb/2016:18:10:04 -0800] "GET /blog1/index.php/gallery-items/1734/ HTTP/1.1" 200 20119 "-" "Mozilla/5.0 (compatible; bingbot/2.0; +http://www.bing.com/bingbot.htm)" "www.shpchurch.org"
157.55.39.22 - - [07/Feb/2016:18:10:04 -0800] "GET /blog1/index.php/gallery-items/1728/ HTTP/1.1" 200 20119 "-" "Mozilla/5.0 (compatible; bingbot/2.0; +http://www.bing.com/bingbot.htm)" "www.shpchurch.org"
157.55.39.22 - - [07/Feb/2016:18:10:05 -0800] "GET /blog1/index.php/gallery-items/1724/ HTTP/1.1" 200 20119 "-" "Mozilla/5.0 (compatible; bingbot/2.0; +http://www.bing.com/bingbot.htm)" "www.shpchurch.org"
157.55.39.22 - - [07/Feb/2016:18:10:06 -0800] "GET /blog1/index.php/event-items/stewardship-sunday/ HTTP/1.1" 200 25739 "-" "Mozilla/5.0 (compatible; bingbot/2.0; +http://www.bing.com/bingbot.htm)" "www.shpchurch.org"
40.77.167.59 - - [07/Feb/2016:18:10:10 -0800] "GET /blog1/wp-content/uploads/2011/11/ HTTP/1.1" 200 4861 "-" "Mozilla/5.0 (compatible; bingbot/2.0; +http://www.bing.com/bingbot.htm)" "www.shpchurch.org"
40.77.167.59 - - [07/Feb/2016:18:10:11 -0800] "GET /blog1/index.php/multimedia-category/theology/page/2/ HTTP/1.1" 200 43551 "-" "Mozilla/5.0 (compatible; bingbot/2.0; +http://www.bing.com/bingbot.htm)" "www.shpchurch.org"
40.77.167.59 - - [07/Feb/2016:18:10:12 -0800] "GET /blog1/index.php/multimedia-archive/you-can-make-a-difference/ HTTP/1.1" 200 29589 "-" "Mozilla/5.0 (compatible; bingbot/2.0; +http://www.bing.com/bingbot.htm)" "www.shpchurch.org"
40.77.167.59 - - [07/Feb/2016:18:10:13 -0800] "GET /blog1/index.php/multimedia-archive/reaching-and-growing-part-two/ HTTP/1.1" 200 32709 "-" "Mozilla/5.0 (compatible; bingbot/2.0; +http://www.bing.com/bingbot.htm)" "www.shpchurch.org"
40.77.167.59 - - [07/Feb/2016:18:10:14 -0800] "GET /blog1/index.php/multimedia-archive/our-next-ten-years-lives-worth-living/ HTTP/1.1" 200 32322 "-" "Mozilla/5.0 (compatible; bingbot/2.0; +http://www.bing.com/bingbot.htm)" "www.shpchurch.org"
40.77.167.59 - - [07/Feb/2016:18:10:15 -0800] "GET /blog1/index.php/multimedia-archive/bread-of-life/ HTTP/1.1" 200 32369 "-" "Mozilla/5.0 (compatible; bingbot/2.0; +http://www.bing.com/bingbot.htm)" "www.shpchurch.org"
40.77.167.59 - - [07/Feb/2016:18:10:16 -0800] "GET /blog1/index.php/multimedia-archive/who-do-you-say-that-i-am-a-friend/ HTTP/1.1" 200 32374 "-" "Mozilla/5.0 (compatible; bingbot/2.0; +http://www.bing.com/bingbot.htm)" "www.shpchurch.org"
98.138.81.180 - - [07/Feb/2016:18:10:21 -0800] "POST /blog1/wp-cron.php?doing_wp_cron=1454897421.4113938808441162109375 HTTP/1.1" 200 416 "-" "WordPress/4.4.2; http://shpchurch.org/blog1" "shpchurch.org"
40.77.167.59 - - [07/Feb/2016:18:10:23 -0800] "GET /blog1/index.php/gallery-items/1736/ HTTP/1.1" 200 20119 "-" "Mozilla/5.0 (compatible; bingbot/2.0; +http://www.bing.com/bingbot.htm)" "www.shpchurch.org"
40.77.167.59 - - [07/Feb/2016:18:11:42 -0800] "GET /blog1/index.php/event-items/session-meeting-4/ HTTP/1.1" 200 25768 "-" "Mozilla/5.0 (compatible; bingbot/2.0; +http://www.bing.com/bingbot.htm)" "www.shpchurch.org"
40.77.167.59 - - [07/Feb/2016:18:11:44 -0800] "GET /blog1/?page_id=186 HTTP/1.1" 200 20197 "-" "Mozilla/5.0 (compatible; bingbot/2.0; +http://www.bing.com/bingbot.htm)" "www.shpchurch.org"
40.77.167.59 - - [07/Feb/2016:18:11:46 -0800] "GET /blog1/?cat=4 HTTP/1.1" 200 17906 "-" "Mozilla/5.0 (compatible; bingbot/2.0; +http://www.bing.com/bingbot.htm)" "www.shpchurch.org"
40.77.167.59 - - [07/Feb/2016:18:11:47 -0800] "GET /preschool.html HTTP/1.1" 200 5183 "-" "Mozilla/5.0 (compatible; bingbot/2.0; +http://www.bing.com/bingbot.htm)" "www.shpchurch.org"
157.55.39.22 - - [07/Feb/2016:18:13:35 -0800] "GET /blog1/index.php/gallery-items/1749/ HTTP/1.1" 500 100 "-" "Mozilla/5.0 (compatible; bingbot/2.0; +http://www.bing.com/bingbot.htm)" "www.shpchurch.org"
157.55.39.146 - - [07/Feb/2016:18:15:23 -0800] "GET /blog1/index.php/about-us/session/ HTTP/1.1" 500 100 "-" "Mozilla/5.0 (compatible; bingbot/2.0; +http://www.bing.com/bingbot.htm)" "www.shpchurch.org"
40.77.167.59 - - [07/Feb/2016:18:18:52 -0800] "GET /ministry_teams.html HTTP/1.1" 200 7457 "-" "Mozilla/5.0 (compatible; bingbot/2.0; +http://www.bing.com/bingbot.htm)" "www.shpchurch.org"
40.77.167.59 - - [07/Feb/2016:18:18:52 -0800] "GET /home.html HTTP/1.1" 200 5337 "-" "Mozilla/5.0 (compatible; bingbot/2.0; +http://www.bing.com/bingbot.htm)" "www.shpchurch.org"
40.77.167.59 - - [07/Feb/2016:18:18:52 -0800] "GET /calendar.html HTTP/1.1" 200 4408 "-" "Mozilla/5.0 (compatible; bingbot/2.0; +http://www.bing.com/bingbot.htm)" "www.shpchurch.org"
40.77.167.59 - - [07/Feb/2016:18:18:53 -0800] "GET /about_us.html HTTP/1.1" 200 7298 "-" "Mozilla/5.0 (compatible; bingbot/2.0; +http://www.bing.com/bingbot.htm)" "www.shpchurch.org"
98.138.81.178 - - [07/Feb/2016:18:18:55 -0800] "POST /blog1/wp-cron.php?doing_wp_cron=1454897935.0140039920806884765625 HTTP/1.1" 200 416 "-" "WordPress/4.4.2; http://shpchurch.org/blog1" "shpchurch.org"
40.77.167.59 - - [07/Feb/2016:18:18:53 -0800] "GET /blog1/index.php/preschool/ HTTP/1.1" 200 41169 "-" "Mozilla/5.0 (compatible; bingbot/2.0; +http://www.bing.com/bingbot.htm)" "www.shpchurch.org"
40.77.167.59 - - [07/Feb/2016:18:18:56 -0800] "GET /blog1/index.php/small-groups HTTP/1.1" 200 19481 "-" "Mozilla/5.0 (compatible; bingbot/2.0; +http://www.bing.com/bingbot.htm)" "www.shpchurch.org"
40.77.167.59 - - [07/Feb/2016:18:18:59 -0800] "GET /blog1/wp-content/uploads/2011/11/ HTTP/1.1" 200 4861 "-" "Mozilla/5.0 (compatible; bingbot/2.0; +http://www.bing.com/bingbot.htm)" "www.shpchurch.org"
40.77.167.59 - - [07/Feb/2016:18:18:59 -0800] "GET /blog1/index.php/multimedia-category/theology/page/2/ HTTP/1.1" 200 43551 "-" "Mozilla/5.0 (compatible; bingbot/2.0; +http://www.bing.com/bingbot.htm)" "www.shpchurch.org"
40.77.167.59 - - [07/Feb/2016:18:19:00 -0800] "GET /blog1/index.php/multimedia-archive/you-can-make-a-difference/ HTTP/1.1" 200 29589 "-" "Mozilla/5.0 (compatible; bingbot/2.0; +http://www.bing.com/bingbot.htm)" "www.shpchurch.org"
40.77.167.59 - - [07/Feb/2016:18:19:01 -0800] "GET /blog1/index.php/multimedia-archive/reaching-and-growing-part-two/ HTTP/1.1" 200 32709 "-" "Mozilla/5.0 (compatible; bingbot/2.0; +http://www.bing.com/bingbot.htm)" "www.shpchurch.org"
40.77.167.59 - - [07/Feb/2016:18:19:02 -0800] "GET /blog1/index.php/multimedia-archive/our-next-ten-years-lives-worth-living/ HTTP/1.1" 200 32322 "-" "Mozilla/5.0 (compatible; bingbot/2.0; +http://www.bing.com/bingbot.htm)" "www.shpchurch.org"
31.184.238.174 - - [07/Feb/2016:18:22:30 -0800] "GET /logs/access.log HTTP/1.1" 200 27660 "http://lanyrd.com/profile/mengansi550840-8800/bio/" "Mozilla/5.0 (Windows NT 6.1; WOW64) AppleWebKit/537.36 (KHTML, like Gecko) Chrome/32.0.1700.102 Safari/537.36 OPR/19.0.1326.59" "www.shpchurch.org"
98.138.81.180 - - [07/Feb/2016:18:25:01 -0800] "POST /blog1/wp-cron.php?doing_wp_cron=1454898300.9189090728759765625000 HTTP/1.1" 200 416 "-" "WordPress/4.4.2; http://shpchurch.org/blog1" "shpchurch.org"
40.77.167.59 - - [07/Feb/2016:18:24:58 -0800] "GET /blog1/index.php/multimedia-archive/bread-of-life/ HTTP/1.1" 200 32369 "-" "Mozilla/5.0 (compatible; bingbot/2.0; +http://www.bing.com/bingbot.htm)" "www.shpchurch.org"
40.77.167.59 - - [07/Feb/2016:18:25:02 -0800] "GET /blog1/index.php/multimedia-archive/who-do-you-say-that-i-am-a-friend/ HTTP/1.1" 200 32375 "-" "Mozilla/5.0 (compatible; bingbot/2.0; +http://www.bing.com/bingbot.htm)" "www.shpchurch.org"
31.184.238.174 - - [07/Feb/2016:18:29:28 -0800] "GET /logs/access.log HTTP/1.1" 200 28616 "http://buy-cefuroxime-online.snack.ws" "Mozilla/5.0 (Windows NT 6.3; WOW64; rv:26.0) Gecko/20100101 Firefox/26.0" "www.shpchurch.org"
31.184.238.174 - - [07/Feb/2016:18:36:26 -0800] "GET /logs/access.log HTTP/1.1" 200 28841 "http://gravatar.com/buymevacor2015" "Mozilla/5.0 (Windows NT 6.1) AppleWebKit/537.36 (KHTML, like Gecko) Chrome/32.0.1700.102 Safari/537.36" "www.shpchurch.org"
157.55.39.146 - - [07/Feb/2016:18:39:21 -0800] "GET /blog1/index.php/about-us/core-values/ HTTP/1.1" 200 23103 "-" "Mozilla/5.0 (compatible; bingbot/2.0; +http://www.bing.com/bingbot.htm)" "www.shpchurch.org"
98.138.81.180 - - [07/Feb/2016:18:39:24 -0800] "POST /blog1/wp-cron.php?doing_wp_cron=1454899164.6167159080505371093750 HTTP/1.1" 200 416 "-" "WordPress/4.4.2; http://shpchurch.org/blog1" "shpchurch.org"
157.55.39.146 - - [07/Feb/2016:18:39:26 -0800] "GET /blog1/?page_id=179 HTTP/1.1" 200 19878 "-" "Mozilla/5.0 (compatible; bingbot/2.0; +http://www.bing.com/bingbot.htm)" "www.shpchurch.org"
157.55.39.146 - - [07/Feb/2016:18:39:27 -0800] "GET /blog1/?page_id=169 HTTP/1.1" 200 19717 "-" "Mozilla/5.0 (compatible; bingbot/2.0; +http://www.bing.com/bingbot.htm)" "www.shpchurch.org"
157.55.39.146 - - [07/Feb/2016:18:39:27 -0800] "GET /blog1/?page_id=118 HTTP/1.1" 200 18747 "-" "Mozilla/5.0 (compatible; bingbot/2.0; +http://www.bing.com/bingbot.htm)" "www.shpchurch.org"
157.55.39.146 - - [07/Feb/2016:18:39:30 -0800] "GET /worship.html HTTP/1.1" 200 6800 "-" "Mozilla/5.0 (compatible; bingbot/2.0; +http://www.bing.com/bingbot.htm)" "www.shpchurch.org"
157.55.39.146 - - [07/Feb/2016:18:39:30 -0800] "GET /small_groups.html HTTP/1.1" 200 6230 "-" "Mozilla/5.0 (compatible; bingbot/2.0; +http://www.bing.com/bingbot.htm)" "www.shpchurch.org"
157.55.39.146 - - [07/Feb/2016:18:39:30 -0800] "GET /leadership.html HTTP/1.1" 200 5764 "-" "Mozilla/5.0 (compatible; bingbot/2.0; +http://www.bing.com/bingbot.htm)" "www.shpchurch.org"
157.55.39.146 - - [07/Feb/2016:18:39:30 -0800] "GET /blog1/index.php/sermon-archive/ HTTP/1.1" 200 42233 "-" "Mozilla/5.0 (compatible; bingbot/2.0; +http://www.bing.com/bingbot.htm)" "www.shpchurch.org"
157.55.39.146 - - [07/Feb/2016:18:39:31 -0800] "GET /blog1/index.php/multimedia-speaker/bob-melone HTTP/1.1" 200 42301 "-" "Mozilla/5.0 (compatible; bingbot/2.0; +http://www.bing.com/bingbot.htm)" "www.shpchurch.org"
157.55.39.146 - - [07/Feb/2016:18:39:33 -0800] "GET /blog1/index.php/multimedia-archive/2012/page/2/ HTTP/1.1" 200 45891 "-" "Mozilla/5.0 (compatible; bingbot/2.0; +http://www.bing.com/bingbot.htm)" "www.shpchurch.org"
31.184.238.174 - - [07/Feb/2016:18:43:19 -0800] "GET /logs/access.log HTTP/1.1" 200 31272 "http://www.purevolume.com/leflunomideorder" "Mozilla/5.0 (Windows NT 6.1; WOW64) AppleWebKit/537.36 (KHTML, like Gecko) Chrome/33.0.1750.117 Safari/537.36" "www.shpchurch.org"
98.138.81.178 - - [07/Feb/2016:18:48:24 -0800] "POST /blog1/wp-cron.php?doing_wp_cron=1454899704.3773770332336425781250 HTTP/1.1" 200 416 "-" "WordPress/4.4.2; http://shpchurch.org/blog1" "shpchurch.org"
40.77.167.59 - - [07/Feb/2016:18:48:29 -0800] "GET /blog1/index.php/gallery-items/1713/ HTTP/1.1" 200 20219 "-" "Mozilla/5.0 (compatible; bingbot/2.0; +http://www.bing.com/bingbot.htm)" "www.shpchurch.org"
40.77.167.59 - - [07/Feb/2016:18:48:31 -0800] "GET /blog1/index.php/event-items/session-meeting-4/ HTTP/1.1" 200 25768 "-" "Mozilla/5.0 (compatible; bingbot/2.0; +http://www.bing.com/bingbot.htm)" "www.shpchurch.org"
40.77.167.59 - - [07/Feb/2016:18:48:32 -0800] "GET /blog1/index.php/discovery-time HTTP/1.1" 200 22685 "-" "Mozilla/5.0 (compatible; bingbot/2.0; +http://www.bing.com/bingbot.htm)" "www.shpchurch.org"
31.184.238.174 - - [07/Feb/2016:18:50:14 -0800] "GET /logs/access.log HTTP/1.1" 200 32367 "http://www.purevolume.com/buyzanaflexonline" "Mozilla/5.0 (Windows NT 6.0) AppleWebKit/537.36 (KHTML, like Gecko) Chrome/32.0.1700.107 Safari/537.36" "www.shpchurch.org"
31.184.238.174 - - [07/Feb/2016:18:57:10 -0800] "GET /logs/access.log HTTP/1.1" 200 32628 "http://cladacparchanabu.greatwebsitebuilder.com" "Mozilla/5.0 (Windows NT 6.1; WOW64) AppleWebKit/537.36 (KHTML, like Gecko) Chrome/31.0.1650.63 Safari/537.36 OPR/18.0.1284.68" "www.shpchurch.org"
157.55.39.146 - - [07/Feb/2016:18:57:25 -0800] "GET /blog1/index.php/gallery-items/1753/ HTTP/1.1" 200 20119 "-" "Mozilla/5.0 (compatible; bingbot/2.0; +http://www.bing.com/bingbot.htm)" "www.shpchurch.org"
98.138.81.180 - - [07/Feb/2016:18:57:28 -0800] "POST /blog1/wp-cron.php?doing_wp_cron=1454900248.2387659549713134765625 HTTP/1.1" 200 416 "-" "WordPress/4.4.2; http://shpchurch.org/blog1" "shpchurch.org"
157.55.39.146 - - [07/Feb/2016:18:57:29 -0800] "GET /blog1/index.php/gallery-items/1722/ HTTP/1.1" 200 20119 "-" "Mozilla/5.0 (compatible; bingbot/2.0; +http://www.bing.com/bingbot.htm)" "www.shpchurch.org"
157.55.39.146 - - [07/Feb/2016:18:57:31 -0800] "GET /blog1/index.php/gallery-items/1717/ HTTP/1.1" 200 20119 "-" "Mozilla/5.0 (compatible; bingbot/2.0; +http://www.bing.com/bingbot.htm)" "www.shpchurch.org"
157.55.39.146 - - [07/Feb/2016:18:57:32 -0800] "GET /blog1/index.php/events/ HTTP/1.1" 200 24006 "-" "Mozilla/5.0 (compatible; bingbot/2.0; +http://www.bing.com/bingbot.htm)" "www.shpchurch.org"
157.55.39.146 - - [07/Feb/2016:18:57:34 -0800] "GET /blog1/index.php/about-us/session/ HTTP/1.1" 200 18951 "-" "Mozilla/5.0 (compatible; bingbot/2.0; +http://www.bing.com/bingbot.htm)" "www.shpchurch.org"
178.137.93.235 - - [07/Feb/2016:19:01:33 -0800] "GET /blog1/index.php/event-items/jonah-a-bible-study/ HTTP/1.1" 200 26022 "http://igru-torrent.net/" "Mozilla/4.0 (compatible; MSIE 6.0; Windows NT 5.1; MyIE2; Deepnet Explorer)" "shpchurch.org"
178.137.93.235 - - [07/Feb/2016:19:01:36 -0800] "GET /blog1/index.php/event-items/jonah-a-bible-study/ HTTP/1.1" 200 26022 "http://igru-torrent.net/" "Mozilla/4.0 (compatible; MSIE 6.0; Windows NT 5.1; MyIE2; Deepnet Explorer)" "shpchurch.org"
178.137.93.235 - - [07/Feb/2016:19:01:37 -0800] "GET /blog1/index.php/event-items/jonah-a-bible-study/ HTTP/1.1" 200 26022 "http://igru-torrent.net/" "Mozilla/4.0 (compatible; MSIE 6.0; Windows NT 5.1; MyIE2; Deepnet Explorer)" "shpchurch.org"
31.184.238.174 - - [07/Feb/2016:19:04:07 -0800] "GET /logs/access.log HTTP/1.1" 200 34873 "http://www.theknot.com/wedding/ciprofloxacin-and-fast" "Mozilla/5.0 (Windows NT 5.1) AppleWebKit/537.36 (KHTML, like Gecko) Chrome/32.0.1700.76 Safari/537.36" "www.shpchurch.org"
31.184.238.174 - - [07/Feb/2016:19:11:03 -0800] "GET /logs/access.log HTTP/1.1" 200 35143 "http://buytrimethoprimfrance.over-blog.com/2014/04/buy-trimethoprim-800mg-online.html" "Mozilla/5.0 (Windows NT 6.1) AppleWebKit/537.36 (KHTML, like Gecko) Chrome/33.0.1750.146 Safari/537.36" "www.shpchurch.org"
31.184.238.174 - - [07/Feb/2016:19:18:03 -0800] "GET /logs/access.log HTTP/1.1" 200 35446 "http://buyfluvoxamine50mgonline.snack.ws" "Mozilla/5.0 (Windows NT 6.1; WOW64) AppleWebKit/537.36 (KHTML, like Gecko) Chrome/32.0.1700.102 Safari/537.36" "www.shpchurch.org"
180.76.15.19 - - [07/Feb/2016:19:21:38 -0800] "GET /logs/access_141117.log HTTP/1.1" 200 14492 "-" "Mozilla/5.0 (compatible; Baiduspider/2.0; +http://www.baidu.com/search/spider.html)" "www.shpchurch.org"
31.184.238.174 - - [07/Feb/2016:19:25:01 -0800] "GET /logs/access.log HTTP/1.1" 200 35916 "http://www.purevolume.com/orderibuprofencheap" "Mozilla/5.0 (Windows NT 6.1) AppleWebKit/537.36 (KHTML, like Gecko) Chrome/33.0.1750.117 Safari/537.36" "www.shpchurch.org"
31.184.238.174 - - [07/Feb/2016:19:32:04 -0800] "GET /logs/access.log HTTP/1.1" 200 36179 "http://gravatar.com/kzezetia10mg" "Mozilla/5.0 (Windows NT 6.1; WOW64) AppleWebKit/537.36 (KHTML, like Gecko) Chrome/32.0.1700.76 Safari/537.36" "www.shpchurch.org"
31.184.238.174 - - [07/Feb/2016:19:39:03 -0800] "GET /logs/access.log HTTP/1.1" 200 36435 "http://hydroxyurea500mgj8.forumcircle.com" "Mozilla/5.0 (Windows NT 5.1; rv:27.0) Gecko/20100101 Firefox/27.0" "www.shpchurch.org"
98.138.81.180 - - [07/Feb/2016:19:43:47 -0800] "POST /blog1/wp-cron.php?doing_wp_cron=1454903027.2682290077209472656250 HTTP/1.1" 200 416 "-" "WordPress/4.4.2; http://shpchurch.org/blog1" "shpchurch.org"
62.210.215.100 - - [07/Feb/2016:19:43:43 -0800] "GET /blog1/index.php/category/events/feed HTTP/1.1" 200 1025 "-" "Mozilla/5.0 (X11; Linux i686) AppleWebKit/537.36 (KHTML, like Gecko) Chrome/30.0.1599.66 Safari/537.36" "shpchurch.org"
31.184.238.174 - - [07/Feb/2016:19:46:05 -0800] "GET /logs/access.log HTTP/1.1" 200 37096 "http://uatorsasagmoonsri.greatwebsitebuilder.com" "Mozilla/5.0 (Windows NT 6.1; WOW64) AppleWebKit/537.36 (KHTML, like Gecko) Chrome/32.0.1700.102 Safari/537.36 OPR/19.0.1326.59" "www.shpchurch.org"
178.137.93.235 - - [07/Feb/2016:19:46:40 -0800] "GET /blog1/index.php/event-items/jonah-a-bible-study/ HTTP/1.1" 200 26022 "http://www.artdeko.info/" "Mozilla/4.0 (compatible; MSIE 6.0; Windows NT 5.1; SV1; .NET CLR 1.1.4322; .NET CLR 2.0.50727)" "shpchurch.org"
178.137.93.235 - - [07/Feb/2016:19:46:43 -0800] "GET /blog1/index.php/event-items/jonah-a-bible-study/ HTTP/1.1" 200 26022 "http://www.artdeko.info/" "Mozilla/4.0 (compatible; MSIE 6.0; Windows NT 5.1; SV1; .NET CLR 1.1.4322; .NET CLR 2.0.50727)" "shpchurch.org"
180.76.15.142 - - [07/Feb/2016:19:47:43 -0800] "GET /blog1/wp-content/uploads/2011/11/One-Thousand-Gifts-Anne-Grossman1.pdf HTTP/1.1" 200 100872 "-" "Mozilla/5.0 (compatible; Baiduspider/2.0; +http://www.baidu.com/search/spider.html)" "shpchurch.org"
31.184.238.174 - - [07/Feb/2016:19:53:05 -0800] "GET /logs/access.log HTTP/1.1" 200 38163 "http://nllatorvastatin.forumcircle.com" "Mozilla/5.0 (Windows NT 6.1; WOW64; rv:27.0) Gecko/20100101 Firefox/27.0" "www.shpchurch.org"
207.46.13.68 - - [07/Feb/2016:19:58:26 -0800] "GET /robots.txt HTTP/1.1" 200 40 "-" "Mozilla/5.0 (compatible; bingbot/2.0; +http://www.bing.com/bingbot.htm)" "shpchurch.org"
31.184.238.174 - - [07/Feb/2016:20:14:15 -0800] "GET /logs/access.log HTTP/1.1" 200 38563 "http://orderefavirenzonlinenewzealand.over-blog.com/2014/04/buy-efavirenz-600mg-online-where-to-buy-efavirenz-with-efavirenz.html" "Mozilla/5.0 (Windows NT 6.1; WOW64; rv:26.0) Gecko/20100101 Firefox/26.0" "www.shpchurch.org"
31.202.247.253 - - [07/Feb/2016:20:27:09 -0800] "GET / HTTP/1.1" 200 26841 "-" "Mozilla/5.0 (Windows NT 6.1; rv:10.0.1) Gecko/20100101 Firefox/10.0.1" "shpchurch.org"
98.138.81.178 - - [07/Feb/2016:20:27:12 -0800] "POST /blog1/wp-cron.php?doing_wp_cron=1454905631.9312539100646972656250 HTTP/1.1" 200 416 "-" "WordPress/4.4.2; http://shpchurch.org/blog1" "shpchurch.org"
75.67.31.195 - - [07/Feb/2016:20:30:18 -0800] "GET /blog1/wp-content/uploads/2011/10/logo2.jpg HTTP/1.1" 200 176438 "-" "Mozilla/5.0 (iPod; CPU iPhone OS 8_0_2 like Mac OS X) AppleWebKit/600.1.4 (KHTML, like Gecko) GSA/12.0.68608 Mobile/12A405 Safari/600.1.4" "shpchurch.org"
172.219.205.43 - - [07/Feb/2016:20:34:33 -0800] "GET /blog1/wp-content/uploads/2011/10/logo2.jpg HTTP/1.1" 200 176438 "https://www.google.ca/" "Mozilla/5.0 (Windows NT 6.3; WOW64) AppleWebKit/537.36 (KHTML, like Gecko) Chrome/48.0.2564.103 Safari/537.36" "shpchurch.org"
31.184.238.174 - - [07/Feb/2016:20:35:25 -0800] "GET /logs/access.log HTTP/1.1" 200 39798 "http://buyatomoxetinehq.over-blog.com/2014/04/purchase-discount-atomoxetine-10mg-online-where-to-order-atomoxetine-online-cheap.html" "Mozilla/5.0 (Windows NT 6.1; WOW64) AppleWebKit/537.36 (KHTML, like Gecko) Chrome/32.0.1700.76 Safari/537.36" "www.shpchurch.org"
94.190.38.137 - - [07/Feb/2016:20:45:04 -0800] "GET /logs/access_140801.log HTTP/1.1" 200 127898 "http://ptss.edu.my/jrv/?p=1308" "Mozilla/4.0 (compatible; MSIE 6.0; Windows NT 5.1; SV1; Media Center PC" "www.shpchurch.org"
94.190.38.137 - - [07/Feb/2016:20:45:21 -0800] "GET /logs/access_140801.log HTTP/1.1" 200 127898 "http://ptss.edu.my/jrv/?p=1308" "Mozilla/4.0 (compatible; MSIE 6.0; AOL 9.0; Windows NT 5.1)" "www.shpchurch.org"
94.190.38.137 - - [07/Feb/2016:20:45:22 -0800] "GET /logs/access_140801.log HTTP/1.1" 200 127898 "http://ptss.edu.my/jrv/?p=1308" "Mozilla/4.0 (compatible; MSIE 6.0; Windows NT 5.1; MRA 4.3 (build 01218); .NET CLR 1.1.4322)" "www.shpchurch.org"
94.190.38.137 - - [07/Feb/2016:20:45:22 -0800] "GET /logs/access_140801.log HTTP/1.1" 200 127898 "http://ptss.edu.my/jrv/?p=1308" "Mozilla/4.0 (compatible; MSIE 6.0; Windows NT 5.0)" "www.shpchurch.org"
94.190.38.137 - - [07/Feb/2016:20:45:22 -0800] "GET /logs/access_140801.log HTTP/1.1" 200 127898 "http://ptss.edu.my/jrv/?p=1308" "Mozilla/4.0 (compatible; MSIE 6.0; Windows NT 5.1)" "www.shpchurch.org"
